// Jest Snapshot v1, https://goo.gl/fbAQLP

exports[`works 1`] = `
"--[[ Generated with https://github.com/TypeScriptToLua/TypeScriptToLua ]]
App = function() return React.createElement(
    Foo,
    {foo = \\"foo\\"},
    {
        React.createElement(
            Bar,
            {bar = 3},
            {
                React.createElement(Baz, {baz = {foo = {\\"value1\\", \\"value2\\"}}}),
                React.createElement(Baz, {})
            }
        )
    }
) end
"
`;
